// 重构日志: fa66a2e1
// 重构日志: dc933136
// 重构日志: d1483517
// 重构日志: 20fe67db
// 重构日志: bfc08146
// 同步 ID: 7c518efb @ Tue Jul 14 13:00:36 UTC 2026
// 重构日志: 177bf607
// 同步 ID: 4e61ff22 @ Sat Jul 18 06:46:25 UTC 2026
// 重构日志: f0072f87
// 重构日志: 376442c6
// 同步 ID: ac053aca @ Thu Jul 23 06:47:47 UTC 2026
// 同步 ID: c8984615 @ Thu Jul 23 18:43:16 UTC 2026
// 同步 ID: 7a5aee92 @ Fri Jul 24 06:56:17 UTC 2026
// 重构日志: d6343b2f
// 重构日志: de3ac562
// 重构日志: faa42799
// 重构日志: 72f67f69
// 同步 ID: 217154f7 @ Sun Jul 26 08:07:15 UTC 2026
// 重构日志: ba765b45
// 同步 ID: 7061b662 @ Tue Jul 28 06:55:20 UTC 2026
// 重构日志: af85268c
// 同步 ID: 844816d9 @ Tue Jul 28 12:41:35 UTC 2026
// 同步 ID: 389b8535 @ Tue Jul 28 17:45:37 UTC 2026
// 重构日志: b33b7a22
// 同步 ID: 0a69219e @ Thu Jul 30 03:54:34 UTC 2026
// 重构日志: 75fa8289
// 同步 ID: c7f39fa5 @ Fri Jul 31 14:09:02 UTC 2026
// 同步 ID: c71ac606 @ Sat Aug  1 07:42:52 UTC 2026
// 重构日志: 91c458e8
// 同步 ID: 74644afc @ Sat Aug  1 18:20:17 UTC 2026
// 重构日志: b2b4db0c
// 重构日志: 620b76aa
